2025-11-28 19:22:47 [INFO] BrainStateVAE: Logging initialized. Log file: hyperparam_search/search_20251128_192243/exp_000/output/logs/train_vae_20251128_192247.log
2025-11-28 19:22:47 [INFO] __main__: ================================================================================
2025-11-28 19:22:47 [INFO] __main__: Starting BrainStateVAE Training
2025-11-28 19:22:47 [INFO] __main__: ================================================================================
2025-11-28 19:22:47 [INFO] __main__: Random seed set to 42
2025-11-28 19:22:47 [INFO] __main__: Using device: cuda
2025-11-28 19:22:47 [INFO] __main__: Loading datasets...
2025-11-28 19:22:47 [INFO] clf_dataset_builder: Loading dataset from cache: /media/storage_hdd/dmt_fz/machine_learning/clf/data/cache/dataset_DMT_EC_EO_Delta_Theta_Alpha_Beta_Gamma_eeg.pkl
2025-11-28 19:23:00 [INFO] __main__: Original - Train: 46140, Val: 9235, Test: 9930
2025-11-28 19:23:00 [INFO] __main__: Subsampling to 60% of data...
2025-11-28 19:23:00 [INFO] __main__: Subsampled - Train: 27684, Val: 5541, Test: 5958
2025-11-28 19:23:00 [INFO] __main__: Normalizing node features (RobustScaler + outlier clipping)...
2025-11-28 19:23:02 [INFO] __main__:   Features normalized (robust to outliers)
2025-11-28 19:23:02 [INFO] __main__: Final - Train: 27684, Val: 5541, Test: 5958
2025-11-28 19:23:02 [INFO] __main__: Node features: 8
2025-11-28 19:23:02 [INFO] __main__: Edge features: 1
2025-11-28 19:23:02 [INFO] __main__: Graph features: 8
2025-11-28 19:23:02 [INFO] __main__: Nodes per graph: 24
2025-11-28 19:23:02 [INFO] models.vae_model: BrainStateVAE initialized with 402897 parameters
2025-11-28 19:23:02 [INFO] models.vae_model:   Encoder output dim: 256
2025-11-28 19:23:02 [INFO] models.vae_model:   Latent dim: 64
2025-11-28 19:23:02 [INFO] models.vae_model:   Pooling method: mean
2025-11-28 19:23:02 [INFO] __main__: Optimizer: AdamW
2025-11-28 19:23:02 [INFO] __main__: Scheduler: CosineAnnealingLR
2025-11-28 19:23:02 [INFO] __main__: TensorBoard logging to: hyperparam_search/search_20251128_192243/exp_000/runs
2025-11-28 19:23:02 [INFO] __main__: Starting training...
2025-11-28 19:23:07 [INFO] __main__: Epoch 001 [train] - Loss: 14.2669 | Recon: 12.8848 | KL: 691.0346
2025-11-28 19:23:07 [INFO] __main__: Epoch 001 [val]   - Loss: 2.1024 | Recon: 2.0273 | KL: 37.5822 | β: 0.0020
2025-11-28 19:23:07 [INFO] __main__: ✓ New best model saved! Val Loss: 2.1024
2025-11-28 19:23:13 [INFO] __main__: Epoch 002 [train] - Loss: 2.3916 | Recon: 2.2453 | KL: 36.5812
2025-11-28 19:23:13 [INFO] __main__: Epoch 002 [val]   - Loss: 2.1561 | Recon: 2.0188 | KL: 34.3352 | β: 0.0040
2025-11-28 19:23:18 [INFO] __main__: Epoch 003 [train] - Loss: 2.4491 | Recon: 2.2409 | KL: 34.6921
2025-11-28 19:23:18 [INFO] __main__: Epoch 003 [val]   - Loss: 2.2232 | Recon: 2.0222 | KL: 33.4911 | β: 0.0060
2025-11-28 19:23:23 [INFO] __main__: Epoch 004 [train] - Loss: 2.5076 | Recon: 2.2369 | KL: 33.8431
2025-11-28 19:23:23 [INFO] __main__: Epoch 004 [val]   - Loss: 2.2778 | Recon: 2.0163 | KL: 32.6873 | β: 0.0080
2025-11-28 19:23:28 [INFO] __main__: Epoch 005 [train] - Loss: 2.5712 | Recon: 2.2369 | KL: 33.4251
2025-11-28 19:23:28 [INFO] __main__: Epoch 005 [val]   - Loss: 2.3460 | Recon: 2.0181 | KL: 32.7882 | β: 0.0100
2025-11-28 19:23:33 [INFO] __main__: Epoch 006 [train] - Loss: 2.6326 | Recon: 2.2354 | KL: 33.0990
2025-11-28 19:23:33 [INFO] __main__: Epoch 006 [val]   - Loss: 2.4049 | Recon: 2.0144 | KL: 32.5346 | β: 0.0120
2025-11-28 19:23:38 [INFO] __main__: Epoch 007 [train] - Loss: 2.6945 | Recon: 2.2339 | KL: 32.9013
2025-11-28 19:23:38 [INFO] __main__: Epoch 007 [val]   - Loss: 2.4695 | Recon: 2.0142 | KL: 32.5198 | β: 0.0140
2025-11-28 19:23:43 [INFO] __main__: Epoch 008 [train] - Loss: 2.7567 | Recon: 2.2323 | KL: 32.7747
2025-11-28 19:23:43 [INFO] __main__: Epoch 008 [val]   - Loss: 2.5374 | Recon: 2.0196 | KL: 32.3616 | β: 0.0160
2025-11-28 19:23:48 [INFO] __main__: Epoch 009 [train] - Loss: 2.8219 | Recon: 2.2341 | KL: 32.6540
2025-11-28 19:23:48 [INFO] __main__: Epoch 009 [val]   - Loss: 2.6108 | Recon: 2.0287 | KL: 32.3382 | β: 0.0180
2025-11-28 19:23:53 [INFO] __main__: Epoch 010 [train] - Loss: 2.8884 | Recon: 2.2367 | KL: 32.5863
2025-11-28 19:23:53 [INFO] __main__: Epoch 010 [val]   - Loss: 2.6675 | Recon: 2.0189 | KL: 32.4317 | β: 0.0200
2025-11-28 19:23:58 [INFO] __main__: Epoch 011 [train] - Loss: 2.9490 | Recon: 2.2334 | KL: 32.5247
2025-11-28 19:23:58 [INFO] __main__: Epoch 011 [val]   - Loss: 2.7266 | Recon: 2.0160 | KL: 32.2986 | β: 0.0220
2025-11-28 19:24:03 [INFO] __main__: Epoch 012 [train] - Loss: 3.0182 | Recon: 2.2390 | KL: 32.4660
2025-11-28 19:24:03 [INFO] __main__: Epoch 012 [val]   - Loss: 2.7917 | Recon: 2.0169 | KL: 32.2796 | β: 0.0240
2025-11-28 19:24:08 [INFO] __main__: Epoch 013 [train] - Loss: 3.0780 | Recon: 2.2349 | KL: 32.4275
2025-11-28 19:24:08 [INFO] __main__: Epoch 013 [val]   - Loss: 2.8578 | Recon: 2.0181 | KL: 32.2952 | β: 0.0260
2025-11-28 19:24:13 [INFO] __main__: Epoch 014 [train] - Loss: 3.1424 | Recon: 2.2357 | KL: 32.3804
2025-11-28 19:24:13 [INFO] __main__: Epoch 014 [val]   - Loss: 2.9188 | Recon: 2.0161 | KL: 32.2402 | β: 0.0280
2025-11-28 19:24:18 [INFO] __main__: Epoch 015 [train] - Loss: 3.2051 | Recon: 2.2342 | KL: 32.3608
2025-11-28 19:24:18 [INFO] __main__: Epoch 015 [val]   - Loss: 2.9809 | Recon: 2.0138 | KL: 32.2365 | β: 0.0300
2025-11-28 19:24:23 [INFO] __main__: Epoch 016 [train] - Loss: 3.2687 | Recon: 2.2346 | KL: 32.3128
2025-11-28 19:24:23 [INFO] __main__: Epoch 016 [val]   - Loss: 3.0486 | Recon: 2.0189 | KL: 32.1756 | β: 0.0320
2025-11-28 19:24:28 [INFO] __main__: Epoch 017 [train] - Loss: 3.3293 | Recon: 2.2318 | KL: 32.2798
2025-11-28 19:24:28 [INFO] __main__: Epoch 017 [val]   - Loss: 3.1098 | Recon: 2.0166 | KL: 32.1526 | β: 0.0340
2025-11-28 19:24:33 [INFO] __main__: Epoch 018 [train] - Loss: 3.3933 | Recon: 2.2323 | KL: 32.2499
2025-11-28 19:24:33 [INFO] __main__: Epoch 018 [val]   - Loss: 3.1753 | Recon: 2.0175 | KL: 32.1618 | β: 0.0360
2025-11-28 19:24:39 [INFO] __main__: Epoch 019 [train] - Loss: 3.4579 | Recon: 2.2344 | KL: 32.1984
2025-11-28 19:24:39 [INFO] __main__: Epoch 019 [val]   - Loss: 3.2352 | Recon: 2.0155 | KL: 32.0963 | β: 0.0380
2025-11-28 19:24:44 [INFO] __main__: Epoch 020 [train] - Loss: 3.5186 | Recon: 2.2321 | KL: 32.1636
2025-11-28 19:24:44 [INFO] __main__: Epoch 020 [val]   - Loss: 3.2986 | Recon: 2.0156 | KL: 32.0760 | β: 0.0400
2025-11-28 19:24:49 [INFO] __main__: Epoch 021 [train] - Loss: 3.5839 | Recon: 2.2342 | KL: 32.1357
2025-11-28 19:24:49 [INFO] __main__: Epoch 021 [val]   - Loss: 3.3659 | Recon: 2.0192 | KL: 32.0642 | β: 0.0420
2025-11-28 19:24:54 [INFO] __main__: Epoch 022 [train] - Loss: 3.6468 | Recon: 2.2335 | KL: 32.1197
2025-11-28 19:24:54 [INFO] __main__: Epoch 022 [val]   - Loss: 3.4274 | Recon: 2.0166 | KL: 32.0631 | β: 0.0440
2025-11-28 19:24:59 [INFO] __main__: Epoch 023 [train] - Loss: 3.7071 | Recon: 2.2303 | KL: 32.1046
2025-11-28 19:24:59 [INFO] __main__: Epoch 023 [val]   - Loss: 3.4896 | Recon: 2.0152 | KL: 32.0521 | β: 0.0460
2025-11-28 19:25:04 [INFO] __main__: Epoch 024 [train] - Loss: 3.7729 | Recon: 2.2322 | KL: 32.0976
2025-11-28 19:25:04 [INFO] __main__: Epoch 024 [val]   - Loss: 3.5541 | Recon: 2.0157 | KL: 32.0494 | β: 0.0480
2025-11-28 19:25:09 [INFO] __main__: Epoch 025 [train] - Loss: 2.2151 | Recon: 2.2151 | KL: 58.8225
2025-11-28 19:25:09 [INFO] __main__: Epoch 025 [val]   - Loss: 2.0092 | Recon: 2.0092 | KL: 74.7103 | β: 0.0000
2025-11-28 19:25:10 [INFO] __main__: ✓ New best model saved! Val Loss: 2.0092
2025-11-28 19:25:15 [INFO] __main__: Epoch 026 [train] - Loss: 2.2897 | Recon: 2.2181 | KL: 35.7921
2025-11-28 19:25:15 [INFO] __main__: Epoch 026 [val]   - Loss: 2.0760 | Recon: 2.0096 | KL: 33.1931 | β: 0.0020
2025-11-28 19:25:20 [INFO] __main__: Epoch 027 [train] - Loss: 2.3541 | Recon: 2.2220 | KL: 33.0334
2025-11-28 19:25:20 [INFO] __main__: Epoch 027 [val]   - Loss: 2.1418 | Recon: 2.0113 | KL: 32.6349 | β: 0.0040
2025-11-28 19:25:25 [INFO] __main__: Epoch 028 [train] - Loss: 2.4168 | Recon: 2.2204 | KL: 32.7243
2025-11-28 19:25:25 [INFO] __main__: Epoch 028 [val]   - Loss: 2.2047 | Recon: 2.0100 | KL: 32.4620 | β: 0.0060
2025-11-28 19:25:30 [INFO] __main__: Epoch 029 [train] - Loss: 2.4809 | Recon: 2.2200 | KL: 32.6158
2025-11-28 19:25:30 [INFO] __main__: Epoch 029 [val]   - Loss: 2.2692 | Recon: 2.0102 | KL: 32.3817 | β: 0.0080
2025-11-28 19:25:35 [INFO] __main__: Epoch 030 [train] - Loss: 2.5470 | Recon: 2.2219 | KL: 32.5066
2025-11-28 19:25:35 [INFO] __main__: Epoch 030 [val]   - Loss: 2.3336 | Recon: 2.0100 | KL: 32.3662 | β: 0.0100
2025-11-28 19:25:40 [INFO] __main__: Epoch 031 [train] - Loss: 2.6102 | Recon: 2.2211 | KL: 32.4250
2025-11-28 19:25:40 [INFO] __main__: Epoch 031 [val]   - Loss: 2.3984 | Recon: 2.0109 | KL: 32.2905 | β: 0.0120
2025-11-28 19:25:45 [INFO] __main__: Epoch 032 [train] - Loss: 2.6766 | Recon: 2.2235 | KL: 32.3670
2025-11-28 19:25:45 [INFO] __main__: Epoch 032 [val]   - Loss: 2.4645 | Recon: 2.0127 | KL: 32.2719 | β: 0.0140
2025-11-28 19:25:51 [INFO] __main__: Epoch 033 [train] - Loss: 2.7416 | Recon: 2.2248 | KL: 32.3040
2025-11-28 19:25:51 [INFO] __main__: Epoch 033 [val]   - Loss: 2.5296 | Recon: 2.0140 | KL: 32.2263 | β: 0.0160
2025-11-28 19:25:56 [INFO] __main__: Epoch 034 [train] - Loss: 2.8058 | Recon: 2.2251 | KL: 32.2612
2025-11-28 19:25:56 [INFO] __main__: Epoch 034 [val]   - Loss: 2.5922 | Recon: 2.0135 | KL: 32.1514 | β: 0.0180
2025-11-28 19:26:01 [INFO] __main__: Epoch 035 [train] - Loss: 2.8670 | Recon: 2.2227 | KL: 32.2155
2025-11-28 19:26:01 [INFO] __main__: Epoch 035 [val]   - Loss: 2.6554 | Recon: 2.0124 | KL: 32.1479 | β: 0.0200
2025-11-28 19:26:06 [INFO] __main__: Epoch 036 [train] - Loss: 2.9345 | Recon: 2.2265 | KL: 32.1809
2025-11-28 19:26:06 [INFO] __main__: Epoch 036 [val]   - Loss: 2.7183 | Recon: 2.0119 | KL: 32.1066 | β: 0.0220
2025-11-28 19:26:11 [INFO] __main__: Epoch 037 [train] - Loss: 2.9947 | Recon: 2.2227 | KL: 32.1644
2025-11-28 19:26:11 [INFO] __main__: Epoch 037 [val]   - Loss: 2.7838 | Recon: 2.0138 | KL: 32.0798 | β: 0.0240
2025-11-28 19:26:16 [INFO] __main__: Epoch 038 [train] - Loss: 3.0590 | Recon: 2.2233 | KL: 32.1425
2025-11-28 19:26:16 [INFO] __main__: Epoch 038 [val]   - Loss: 2.8458 | Recon: 2.0119 | KL: 32.0728 | β: 0.0260
2025-11-28 19:26:21 [INFO] __main__: Epoch 039 [train] - Loss: 3.1240 | Recon: 2.2243 | KL: 32.1310
2025-11-28 19:26:21 [INFO] __main__: Epoch 039 [val]   - Loss: 2.9107 | Recon: 2.0131 | KL: 32.0585 | β: 0.0280
2025-11-28 19:26:26 [INFO] __main__: Epoch 040 [train] - Loss: 3.1871 | Recon: 2.2239 | KL: 32.1075
2025-11-28 19:26:26 [INFO] __main__: Epoch 040 [val]   - Loss: 2.9767 | Recon: 2.0148 | KL: 32.0634 | β: 0.0300
2025-11-28 19:26:31 [INFO] __main__: Epoch 041 [train] - Loss: 3.2508 | Recon: 2.2236 | KL: 32.1004
2025-11-28 19:26:31 [INFO] __main__: Epoch 041 [val]   - Loss: 3.0382 | Recon: 2.0128 | KL: 32.0425 | β: 0.0320
2025-11-28 19:26:36 [INFO] __main__: Epoch 042 [train] - Loss: 3.3156 | Recon: 2.2246 | KL: 32.0885
2025-11-28 19:26:36 [INFO] __main__: Epoch 042 [val]   - Loss: 3.1019 | Recon: 2.0124 | KL: 32.0433 | β: 0.0340
2025-11-28 19:26:42 [INFO] __main__: Epoch 043 [train] - Loss: 3.3789 | Recon: 2.2240 | KL: 32.0794
2025-11-28 19:26:42 [INFO] __main__: Epoch 043 [val]   - Loss: 3.1664 | Recon: 2.0130 | KL: 32.0391 | β: 0.0360
2025-11-28 19:26:47 [INFO] __main__: Epoch 044 [train] - Loss: 3.4425 | Recon: 2.2236 | KL: 32.0777
2025-11-28 19:26:47 [INFO] __main__: Epoch 044 [val]   - Loss: 3.2304 | Recon: 2.0129 | KL: 32.0392 | β: 0.0380
2025-11-28 19:26:51 [INFO] __main__: Epoch 045 [train] - Loss: 3.5078 | Recon: 2.2250 | KL: 32.0709
2025-11-28 19:26:51 [INFO] __main__: Epoch 045 [val]   - Loss: 3.2948 | Recon: 2.0136 | KL: 32.0307 | β: 0.0400
